Sure, here is the link: <a data-navigate-ignore="true" class="text-blue-500 hover:underline hover:text-blue-700 cursor-pointer" target="_blank" href="https://laravel.com">laravel.com</a><div
    id="link-preview-card"
    data-url="https://laravel.com"
    class="mx-auto mt-2 min-w-full group/preview" data-navigate-ignore="true"
>
        <a href="https://laravel.com" target="_blank" rel="noopener noreferrer">
        <div
            title="Click to visit: laravel.com"
             class="relative w-full rounded-lg overflow-hidden">
                        <img
                            src="https://laravel.com/img/og-image.jpg"
                            alt="Laravel - The PHP Framework For Web Artisans"
                        />
                <div
                    class="absolute right-0 bottom-0 left-0 w-full bg-pink-800/55 px-2 py-1">
                    <h3 class="text-xs font-semibold truncate text-white">
                        Laravel - The PHP Framework For Web Artisans</h3>
                </div>
            </div>
        </a>
</div>. Let me know if you have any questions.